// Jest Snapshot v1, https://goo.gl/fbAQLP

exports[`<NotFound /> should render and match the snapshot 1`] = `
<div>
  404
</div>
`;
