// Jest Snapshot v1, https://goo.gl/fbAQLP

exports[`<FormInput /> Should render and match the snapshot 1`] = `
<form>
  <input
    class="sc-AykKC mxBER"
    type="text"
  />
</form>
`;
