// Jest Snapshot v1, https://goo.gl/fbAQLP

exports[`<Navigation /> should render and match the snapshot 1`] = `
<nav
  class="sc-AykKC kYcbrm"
>
  <a
    aria-current="page"
    class="sc-AykKD bkhuAf"
    href="/"
  >
    <svg>
      home.svg
    </svg>
  </a>
</nav>
`;
