// Jest Snapshot v1, https://goo.gl/fbAQLP

exports[`<Spacer /> Should render and match the snapshot 1`] = `
<div
  class="sc-AykKC kZrTuu"
  height="40px"
/>
`;
