// Jest Snapshot v1, https://goo.gl/fbAQLP

exports[`<Stack /> Should render and match the snapshot 1`] = `
<div
  class="sc-AykKC cPBwBZ"
>
  <p>
    1
  </p>
  <p>
    2
  </p>
</div>
`;
