// Jest Snapshot v1, https://goo.gl/fbAQLP

exports[`<Items /> Should render and match the snapshot 1`] = `
<ul
  class="sc-AykKE cRKDsa"
/>
`;
