// Jest Snapshot v1, https://goo.gl/fbAQLP

exports[`<List /> should render and match the snapshot 1`] = `
<form>
  <input
    class="sc-AykKC mxBER"
    placeholder="Add item"
    type="text"
  />
</form>
`;
